// Jest Snapshot v1, https://goo.gl/fbAQLP

exports[`renders a default thing if nothing is passed to it 1`] = `
<View
  style={
    Array [
      Object {
        "backgroundColor": "purple",
        "flex": 1,
        "flexDirection": "column",
        "justifyContent": "space-between",
        "padding": 40,
      },
      Object {
        "backgroundColor": "",
      },
    ]
  }
>
  <Text
    style={
      Object {
        "color": "#ffffff",
        "fontSize": 44,
        "paddingTop": 100,
      }
    }
  >
    
  </Text>
  <View
    style={
      Object {
        "paddingBottom": 40,
      }
    }
  >
    <View
      accessible={true}
      isTVSelectable={true}
      onResponderGrant={[Function]}
      onResponderMove={[Function]}
      onResponderRelease={[Function]}
      onResponderTerminate={[Function]}
      onResponderTerminationRequest={[Function]}
      onStartShouldSetResponder={[Function]}
      style={
        Object {
          "alignItems": "center",
          "backgroundColor": "#ffffff",
          "borderRadius": 3,
          "opacity": 1,
          "padding": 20,
        }
      }
    >
      <Text
        style={
          Object {
            "color": "#333333",
            "fontSize": 24,
          }
        }
      >
        I did it!
      </Text>
    </View>
    <Text
      onPress={[Function]}
      style={
        Object {
          "color": "#ffffff",
          "marginTop": 15,
          "textAlign": "center",
        }
      }
    >
      I canâ€™t do that thing today.
    </Text>
  </View>
</View>
`;
